> Task :app:preBuild UP-TO-DATE
> Task :app:preDebugBuild UP-TO-DATE
> Task :app:generateDebugResources UP-TO-DATE
> Task :app:packageDebugResources UP-TO-DATE
> Task :app:processDebugNavigationResources UP-TO-DATE
> Task :app:parseDebugLocalResources UP-TO-DATE
> Task :app:generateDebugRFile UP-TO-DATE

> Task :app:compileDebugKotlin FAILED
.\gradlew : e: file:///C:/
Users/PC/Desktop/PADMW/Foo
tballApp%20-%20Copy/app/sr
c/main/java/com/example/fo
otballapp/ui/screens/Teams
Screen.kt:38:27 Argument 
type mismatch: actual 
type is 'List<ERROR 
CLASS: Symbol not found 
for TeamShortInfo>', but 
'Int' was expected.
At line:1 char:1
+ .\gradlew 
compileDebugKotlin 2>&1 | 
Out-File -FilePath 
"build_errors. ...
+ ~~~~~~~~~~~~~~~~~~~~~~~~
~~~~~~~~~
    + CategoryInfo        
      : NotSpecified: (e  
  : file:///C:/U...' wa   
 s expected.:String) [    
], RemoteException
    + FullyQualifiedError 
   Id : NativeCommandErr  
  or
 
e: file:///C:/Users/PC/Des
ktop/PADMW/FootballApp%20-
%20Copy/app/src/main/java/
com/example/footballapp/ui
/screens/TeamsScreen.kt:46
:50 Unresolved reference 
'name'.
e: file:///C:/Users/PC/Des
ktop/PADMW/FootballApp%20-
%20Copy/app/src/main/java/
com/example/footballapp/ui
/viewmodels/TeamsViewModel
.kt:6:37 Unresolved 
reference 'TeamShortInfo'.
e: file:///C:/Users/PC/Des
ktop/PADMW/FootballApp%20-
%20Copy/app/src/main/java/
com/example/footballapp/ui
/viewmodels/TeamsViewModel
.kt:12:48 Unresolved 
reference 'TeamShortInfo'.
e: file:///C:/Users/PC/Des
ktop/PADMW/FootballApp%20-
%20Copy/app/src/main/java/
com/example/footballapp/ui
/viewmodels/TeamsViewModel
.kt:12:64 Cannot infer 
type for this parameter. 
Specify it explicitly.
e: file:///C:/Users/PC/Des
ktop/PADMW/FootballApp%20-
%20Copy/app/src/main/java/
com/example/footballapp/ui
/viewmodels/TeamsViewModel
.kt:12:64 Argument type 
mismatch: actual type is 
'List<uninferred T (of 
fun <T> emptyList)>', but 
'List<ERROR CLASS: Symbol 
not found for 
TeamShortInfo>' was 
expected.
e: file:///C:/Users/PC/Des
ktop/PADMW/FootballApp%20-
%20Copy/app/src/main/java/
com/example/footballapp/ui
/viewmodels/TeamsViewModel
.kt:13:31 Unresolved 
reference 'TeamShortInfo'.
e: file:///C:/Users/PC/Des
ktop/PADMW/FootballApp%20-
%20Copy/app/src/main/java/
com/example/footballapp/ui
/viewmodels/TeamsViewModel
.kt:22:58 Unresolved 
reference 
'getTeamsInLeague'.
e: file:///C:/Users/PC/Des
ktop/PADMW/FootballApp%20-
%20Copy/app/src/main/java/
com/example/footballapp/ui
/viewmodels/TeamsViewModel
.kt:24:63 Cannot infer 
type for this parameter. 
Specify it explicitly.
e: file:///C:/Users/PC/Des
ktop/PADMW/FootballApp%20-
%20Copy/app/src/main/java/
com/example/footballapp/ui
/viewmodels/TeamsViewModel
.kt:27:32 Cannot infer 
type for this parameter. 
Specify it explicitly.
e: file:///C:/Users/PC/Des
ktop/PADMW/FootballApp%20-
%20Copy/app/src/main/java/
com/example/footballapp/ui
/viewmodels/TeamsViewModel
.kt:27:32 Not enough 
information to infer type 
argument for 'T'.

FAILURE: Build failed 
with an exception.

* What went wrong:
Execution failed for task 
':app:compileDebugKotlin'.
> A failure occurred 
while executing org.jetbra
ins.kotlin.compilerRunner.
GradleCompilerRunnerWithWo
rkers$GradleKotlinCompiler
WorkAction
   > Compilation error. 
See log for more details

* Try:
> Run with --stacktrace 
option to get the stack 
trace.
> Run with --info or 
--debug option to get 
more log output.
> Run with --scan to 
generate a Build Scan 
(powered by Develocity).
> Get more help at 
https://help.gradle.org.

BUILD FAILED in 3s
6 actionable tasks: 1 executed, 5 up-to-date
